<html>
<body>
<pre>
<h1>µVision Build Log</h1>
<h2>Project:</h2>
C:\Users\Dominik\Documents\GitHub\MTM-komunikacja\IIC\IIC.uvproj
Project File Date:  10/21/2020

<h2>Output:</h2>
Rebuild target 'Target 1'
assembling Startup.s...
compiling main.c...
linking...
Program Size: Code=1132 RO-data=32 RW-data=4 ZI-data=1260  
FromELF: creating hex file...
".\IIC.axf" - 0 Errors, 0 Warning(s).
Rebuild target 'Target 1'
assembling Startup.s...
compiling main.c...
linking...
Program Size: Code=1132 RO-data=32 RW-data=4 ZI-data=1260  
FromELF: creating hex file...
".\IIC.axf" - 0 Errors, 0 Warning(s).
