<html>
<body>
<pre>
<h1>µVision Build Log</h1>
<h2>Project:</h2>
C:\Users\Dominik\Documents\GitHub\MTM-komunikacja\IIC\IIC.uvproj
Project File Date:  12/07/2020

<h2>Output:</h2>
Rebuild target 'Target 1'
assembling Startup.s...
compiling main.c...
compiling IIC.c...
compiling led.c...
compiling command_decoder.c...
compiling string.c...
compiling uart.c...
linking...
Program Size: Code=2520 RO-data=32 RW-data=12 ZI-data=1260  
FromELF: creating hex file...
".\IIC.axf" - 0 Errors, 0 Warning(s).
Rebuild target 'Target 1'
assembling Startup.s...
compiling main.c...
compiling IIC.c...
compiling led.c...
compiling command_decoder.c...
compiling string.c...
compiling uart.c...
linking...
Program Size: Code=4880 RO-data=32 RW-data=48 ZI-data=1376  
FromELF: creating hex file...
".\IIC.axf" - 0 Errors, 0 Warning(s).
Rebuild target 'Target 1'
assembling Startup.s...
compiling main.c...
compiling IIC.c...
compiling led.c...
compiling command_decoder.c...
compiling string.c...
compiling uart.c...
linking...
Program Size: Code=5108 RO-data=32 RW-data=48 ZI-data=1384  
FromELF: creating hex file...
".\IIC.axf" - 0 Errors, 0 Warning(s).
Rebuild target 'Target 1'
assembling Startup.s...
compiling main.c...
compiling IIC.c...
compiling led.c...
compiling command_decoder.c...
compiling string.c...
compiling uart.c...
linking...
Program Size: Code=5124 RO-data=32 RW-data=52 ZI-data=1388  
FromELF: creating hex file...
".\IIC.axf" - 0 Errors, 0 Warning(s).
Rebuild target 'Target 1'
assembling Startup.s...
compiling main.c...
compiling IIC.c...
compiling led.c...
compiling command_decoder.c...
compiling string.c...
compiling uart.c...
linking...
Program Size: Code=5112 RO-data=32 RW-data=52 ZI-data=1388  
FromELF: creating hex file...
".\IIC.axf" - 0 Errors, 0 Warning(s).
Rebuild target 'Target 1'
assembling Startup.s...
compiling main.c...
compiling IIC.c...
compiling led.c...
compiling command_decoder.c...
compiling string.c...
compiling uart.c...
linking...
Program Size: Code=5136 RO-data=32 RW-data=52 ZI-data=1388  
FromELF: creating hex file...
".\IIC.axf" - 0 Errors, 0 Warning(s).
Rebuild target 'Target 1'
assembling Startup.s...
compiling main.c...
compiling IIC.c...
compiling led.c...
compiling command_decoder.c...
compiling string.c...
compiling uart.c...
linking...
Program Size: Code=5168 RO-data=32 RW-data=52 ZI-data=1388  
FromELF: creating hex file...
".\IIC.axf" - 0 Errors, 0 Warning(s).
Rebuild target 'Target 1'
assembling Startup.s...
compiling main.c...
compiling IIC.c...
compiling led.c...
compiling command_decoder.c...
compiling string.c...
compiling uart.c...
linking...
Program Size: Code=5160 RO-data=32 RW-data=48 ZI-data=1384  
FromELF: creating hex file...
".\IIC.axf" - 0 Errors, 0 Warning(s).
Rebuild target 'Target 1'
assembling Startup.s...
compiling main.c...
compiling IIC.c...
compiling led.c...
compiling command_decoder.c...
compiling string.c...
compiling uart.c...
linking...
Program Size: Code=5128 RO-data=32 RW-data=48 ZI-data=1408  
FromELF: creating hex file...
".\IIC.axf" - 0 Errors, 0 Warning(s).
Rebuild target 'Target 1'
assembling Startup.s...
compiling main.c...
compiling IIC.c...
compiling led.c...
compiling command_decoder.c...
compiling string.c...
compiling uart.c...
linking...
Program Size: Code=5056 RO-data=32 RW-data=48 ZI-data=1408  
FromELF: creating hex file...
".\IIC.axf" - 0 Errors, 0 Warning(s).
Rebuild target 'Target 1'
assembling Startup.s...
compiling main.c...
compiling IIC.c...
compiling led.c...
compiling command_decoder.c...
compiling string.c...
compiling uart.c...
linking...
Program Size: Code=5056 RO-data=32 RW-data=48 ZI-data=1408  
FromELF: creating hex file...
".\IIC.axf" - 0 Errors, 0 Warning(s).
Rebuild target 'Target 1'
assembling Startup.s...
compiling main.c...
compiling IIC.c...
compiling led.c...
compiling command_decoder.c...
compiling string.c...
compiling uart.c...
linking...
Program Size: Code=5060 RO-data=32 RW-data=48 ZI-data=1408  
FromELF: creating hex file...
".\IIC.axf" - 0 Errors, 0 Warning(s).
Rebuild target 'Target 1'
assembling Startup.s...
compiling main.c...
compiling IIC.c...
compiling led.c...
compiling command_decoder.c...
compiling string.c...
compiling uart.c...
linking...
Program Size: Code=5128 RO-data=32 RW-data=48 ZI-data=1408  
FromELF: creating hex file...
".\IIC.axf" - 0 Errors, 0 Warning(s).
Rebuild target 'Target 1'
assembling Startup.s...
compiling main.c...
compiling IIC.c...
compiling led.c...
compiling command_decoder.c...
compiling string.c...
compiling uart.c...
linking...
Program Size: Code=5096 RO-data=32 RW-data=48 ZI-data=1408  
FromELF: creating hex file...
".\IIC.axf" - 0 Errors, 0 Warning(s).
Rebuild target 'Target 1'
assembling Startup.s...
compiling main.c...
compiling IIC.c...
compiling led.c...
compiling command_decoder.c...
compiling string.c...
compiling uart.c...
linking...
Program Size: Code=5080 RO-data=32 RW-data=48 ZI-data=1408  
FromELF: creating hex file...
".\IIC.axf" - 0 Errors, 0 Warning(s).
Rebuild target 'Target 1'
assembling Startup.s...
compiling main.c...
compiling IIC.c...
compiling led.c...
compiling command_decoder.c...
compiling string.c...
compiling uart.c...
linking...
Program Size: Code=5072 RO-data=32 RW-data=48 ZI-data=1408  
FromELF: creating hex file...
".\IIC.axf" - 0 Errors, 0 Warning(s).
Rebuild target 'Target 1'
assembling Startup.s...
compiling main.c...
compiling IIC.c...
compiling led.c...
compiling command_decoder.c...
compiling string.c...
compiling uart.c...
linking...
Program Size: Code=5080 RO-data=32 RW-data=48 ZI-data=1408  
FromELF: creating hex file...
".\IIC.axf" - 0 Errors, 0 Warning(s).
Rebuild target 'Target 1'
assembling Startup.s...
compiling main.c...
compiling IIC.c...
compiling led.c...
compiling command_decoder.c...
compiling string.c...
compiling uart.c...
linking...
Program Size: Code=5128 RO-data=32 RW-data=52 ZI-data=1404  
FromELF: creating hex file...
".\IIC.axf" - 0 Errors, 0 Warning(s).
Rebuild target 'Target 1'
assembling Startup.s...
compiling main.c...
compiling IIC.c...
compiling led.c...
compiling command_decoder.c...
compiling string.c...
compiling uart.c...
linking...
Program Size: Code=5128 RO-data=32 RW-data=52 ZI-data=1404  
FromELF: creating hex file...
".\IIC.axf" - 0 Errors, 0 Warning(s).
Rebuild target 'Target 1'
assembling Startup.s...
compiling main.c...
compiling IIC.c...
compiling led.c...
compiling command_decoder.c...
compiling string.c...
compiling uart.c...
linking...
Program Size: Code=5096 RO-data=32 RW-data=52 ZI-data=1404  
FromELF: creating hex file...
".\IIC.axf" - 0 Errors, 0 Warning(s).
Rebuild target 'Target 1'
assembling Startup.s...
compiling main.c...
compiling IIC.c...
compiling led.c...
compiling command_decoder.c...
compiling string.c...
compiling uart.c...
linking...
Program Size: Code=5076 RO-data=32 RW-data=52 ZI-data=1404  
FromELF: creating hex file...
".\IIC.axf" - 0 Errors, 0 Warning(s).
Rebuild target 'Target 1'
assembling Startup.s...
compiling main.c...
compiling IIC.c...
compiling led.c...
compiling command_decoder.c...
compiling string.c...
compiling uart.c...
linking...
Program Size: Code=5076 RO-data=32 RW-data=52 ZI-data=1404  
FromELF: creating hex file...
".\IIC.axf" - 0 Errors, 0 Warning(s).
Rebuild target 'Target 1'
assembling Startup.s...
compiling main.c...
compiling IIC.c...
compiling led.c...
compiling command_decoder.c...
compiling string.c...
compiling uart.c...
linking...
Program Size: Code=5204 RO-data=64 RW-data=52 ZI-data=1404  
FromELF: creating hex file...
".\IIC.axf" - 0 Errors, 0 Warning(s).
Rebuild target 'Target 1'
assembling Startup.s...
compiling main.c...
compiling IIC.c...
compiling led.c...
compiling command_decoder.c...
compiling string.c...
compiling uart.c...
linking...
Program Size: Code=5204 RO-data=64 RW-data=52 ZI-data=1404  
FromELF: creating hex file...
".\IIC.axf" - 0 Errors, 0 Warning(s).
Rebuild target 'Target 1'
assembling Startup.s...
compiling main.c...
compiling IIC.c...
compiling led.c...
compiling command_decoder.c...
compiling string.c...
compiling uart.c...
linking...
Program Size: Code=5204 RO-data=64 RW-data=52 ZI-data=1404  
FromELF: creating hex file...
".\IIC.axf" - 0 Errors, 0 Warning(s).
Rebuild target 'Target 1'
assembling Startup.s...
compiling main.c...
compiling IIC.c...
compiling led.c...
compiling command_decoder.c...
compiling string.c...
compiling uart.c...
linking...
Program Size: Code=5196 RO-data=64 RW-data=52 ZI-data=1404  
FromELF: creating hex file...
".\IIC.axf" - 0 Errors, 0 Warning(s).
Rebuild target 'Target 1'
assembling Startup.s...
compiling main.c...
compiling IIC.c...
compiling led.c...
compiling command_decoder.c...
compiling string.c...
compiling uart.c...
linking...
Program Size: Code=5100 RO-data=32 RW-data=52 ZI-data=1404  
FromELF: creating hex file...
".\IIC.axf" - 0 Errors, 0 Warning(s).
Rebuild target 'Target 1'
assembling Startup.s...
compiling main.c...
compiling IIC.c...
compiling led.c...
compiling command_decoder.c...
compiling string.c...
compiling uart.c...
linking...
Program Size: Code=5076 RO-data=32 RW-data=52 ZI-data=1404  
FromELF: creating hex file...
".\IIC.axf" - 0 Errors, 0 Warning(s).
Rebuild target 'Target 1'
assembling Startup.s...
compiling main.c...
compiling IIC.c...
compiling led.c...
compiling command_decoder.c...
compiling string.c...
compiling uart.c...
linking...
Program Size: Code=5144 RO-data=32 RW-data=52 ZI-data=1404  
FromELF: creating hex file...
".\IIC.axf" - 0 Errors, 0 Warning(s).
Rebuild target 'Target 1'
assembling Startup.s...
compiling main.c...
compiling IIC.c...
compiling led.c...
compiling command_decoder.c...
compiling string.c...
compiling uart.c...
linking...
Program Size: Code=5168 RO-data=32 RW-data=52 ZI-data=1404  
FromELF: creating hex file...
".\IIC.axf" - 0 Errors, 0 Warning(s).
Rebuild target 'Target 1'
assembling Startup.s...
compiling main.c...
compiling IIC.c...
compiling led.c...
compiling command_decoder.c...
compiling string.c...
compiling uart.c...
linking...
Program Size: Code=5152 RO-data=32 RW-data=52 ZI-data=1404  
FromELF: creating hex file...
".\IIC.axf" - 0 Errors, 0 Warning(s).
Rebuild target 'Target 1'
assembling Startup.s...
compiling main.c...
compiling IIC.c...
compiling led.c...
compiling command_decoder.c...
compiling string.c...
compiling uart.c...
linking...
Program Size: Code=5168 RO-data=32 RW-data=52 ZI-data=1404  
FromELF: creating hex file...
".\IIC.axf" - 0 Errors, 0 Warning(s).
Rebuild target 'Target 1'
assembling Startup.s...
compiling main.c...
compiling IIC.c...
compiling led.c...
compiling command_decoder.c...
compiling string.c...
compiling uart.c...
linking...
Program Size: Code=5288 RO-data=64 RW-data=52 ZI-data=1404  
FromELF: creating hex file...
".\IIC.axf" - 0 Errors, 0 Warning(s).
Rebuild target 'Target 1'
assembling Startup.s...
compiling main.c...
compiling IIC.c...
compiling led.c...
compiling command_decoder.c...
compiling string.c...
compiling uart.c...
linking...
Program Size: Code=5288 RO-data=64 RW-data=52 ZI-data=1404  
FromELF: creating hex file...
".\IIC.axf" - 0 Errors, 0 Warning(s).
Rebuild target 'Target 1'
assembling Startup.s...
compiling main.c...
compiling IIC.c...
compiling led.c...
compiling command_decoder.c...
compiling string.c...
compiling uart.c...
linking...
Program Size: Code=5168 RO-data=32 RW-data=52 ZI-data=1404  
FromELF: creating hex file...
".\IIC.axf" - 0 Errors, 0 Warning(s).
Rebuild target 'Target 1'
assembling Startup.s...
compiling main.c...
compiling IIC.c...
compiling led.c...
compiling command_decoder.c...
compiling string.c...
compiling uart.c...
linking...
Program Size: Code=5304 RO-data=64 RW-data=52 ZI-data=1404  
FromELF: creating hex file...
".\IIC.axf" - 0 Errors, 0 Warning(s).
Rebuild target 'Target 1'
assembling Startup.s...
compiling main.c...
compiling IIC.c...
compiling led.c...
compiling command_decoder.c...
compiling string.c...
compiling uart.c...
linking...
Program Size: Code=5296 RO-data=64 RW-data=52 ZI-data=1404  
FromELF: creating hex file...
".\IIC.axf" - 0 Errors, 0 Warning(s).
Rebuild target 'Target 1'
assembling Startup.s...
compiling main.c...
compiling IIC.c...
compiling led.c...
compiling command_decoder.c...
compiling string.c...
compiling uart.c...
linking...
Program Size: Code=5272 RO-data=64 RW-data=52 ZI-data=1404  
FromELF: creating hex file...
".\IIC.axf" - 0 Errors, 0 Warning(s).
Rebuild target 'Target 1'
assembling Startup.s...
compiling main.c...
compiling IIC.c...
compiling led.c...
compiling command_decoder.c...
compiling string.c...
compiling uart.c...
linking...
Program Size: Code=5276 RO-data=64 RW-data=52 ZI-data=1404  
FromELF: creating hex file...
".\IIC.axf" - 0 Errors, 0 Warning(s).
Rebuild target 'Target 1'
assembling Startup.s...
compiling main.c...
compiling IIC.c...
compiling led.c...
compiling command_decoder.c...
compiling string.c...
compiling uart.c...
linking...
Program Size: Code=5340 RO-data=64 RW-data=52 ZI-data=1404  
FromELF: creating hex file...
".\IIC.axf" - 0 Errors, 0 Warning(s).
Rebuild target 'Target 1'
assembling Startup.s...
compiling main.c...
compiling IIC.c...
compiling led.c...
compiling command_decoder.c...
compiling string.c...
compiling uart.c...
linking...
Program Size: Code=5340 RO-data=64 RW-data=52 ZI-data=1404  
FromELF: creating hex file...
".\IIC.axf" - 0 Errors, 0 Warning(s).
Rebuild target 'Target 1'
assembling Startup.s...
compiling main.c...
compiling IIC.c...
compiling led.c...
compiling command_decoder.c...
compiling string.c...
compiling uart.c...
linking...
Program Size: Code=5212 RO-data=32 RW-data=52 ZI-data=1404  
FromELF: creating hex file...
".\IIC.axf" - 0 Errors, 0 Warning(s).
Rebuild target 'Target 1'
assembling Startup.s...
compiling main.c...
compiling IIC.c...
compiling led.c...
compiling command_decoder.c...
compiling string.c...
compiling uart.c...
linking...
Program Size: Code=5216 RO-data=32 RW-data=52 ZI-data=1404  
FromELF: creating hex file...
".\IIC.axf" - 0 Errors, 0 Warning(s).
Rebuild target 'Target 1'
assembling Startup.s...
compiling main.c...
compiling IIC.c...
compiling led.c...
compiling command_decoder.c...
compiling string.c...
compiling uart.c...
linking...
Program Size: Code=5200 RO-data=32 RW-data=52 ZI-data=1404  
FromELF: creating hex file...
".\IIC.axf" - 0 Errors, 0 Warning(s).
Rebuild target 'Target 1'
assembling Startup.s...
compiling main.c...
compiling IIC.c...
compiling led.c...
compiling command_decoder.c...
compiling string.c...
compiling uart.c...
linking...
Program Size: Code=5212 RO-data=32 RW-data=52 ZI-data=1404  
FromELF: creating hex file...
".\IIC.axf" - 0 Errors, 0 Warning(s).
Rebuild target 'Target 1'
assembling Startup.s...
compiling main.c...
compiling IIC.c...
compiling led.c...
compiling command_decoder.c...
compiling string.c...
compiling uart.c...
linking...
Program Size: Code=5212 RO-data=32 RW-data=52 ZI-data=1404  
FromELF: creating hex file...
".\IIC.axf" - 0 Errors, 0 Warning(s).
Rebuild target 'Target 1'
assembling Startup.s...
compiling main.c...
main.c(110): error:  #167: argument of type "unsigned int *" is incompatible with parameter of type "unsigned char *"
compiling IIC.c...
compiling led.c...
compiling command_decoder.c...
compiling string.c...
compiling uart.c...
".\IIC.axf" - 1 Errors, 0 Warning(s).
Target not created
Rebuild target 'Target 1'
assembling Startup.s...
compiling main.c...
compiling IIC.c...
compiling led.c...
compiling command_decoder.c...
compiling string.c...
compiling uart.c...
linking...
Program Size: Code=5200 RO-data=32 RW-data=52 ZI-data=1404  
FromELF: creating hex file...
".\IIC.axf" - 0 Errors, 0 Warning(s).
Rebuild target 'Target 1'
assembling Startup.s...
compiling main.c...
compiling IIC.c...
compiling led.c...
compiling command_decoder.c...
compiling string.c...
compiling uart.c...
linking...
Program Size: Code=5180 RO-data=32 RW-data=48 ZI-data=1408  
FromELF: creating hex file...
".\IIC.axf" - 0 Errors, 0 Warning(s).
Rebuild target 'Target 1'
assembling Startup.s...
compiling main.c...
compiling IIC.c...
compiling led.c...
compiling command_decoder.c...
compiling string.c...
compiling uart.c...
linking...
Program Size: Code=5312 RO-data=64 RW-data=48 ZI-data=1408  
FromELF: creating hex file...
".\IIC.axf" - 0 Errors, 0 Warning(s).
Rebuild target 'Target 1'
assembling Startup.s...
compiling main.c...
compiling IIC.c...
compiling led.c...
compiling command_decoder.c...
compiling string.c...
compiling uart.c...
linking...
Program Size: Code=5312 RO-data=64 RW-data=48 ZI-data=1408  
FromELF: creating hex file...
".\IIC.axf" - 0 Errors, 0 Warning(s).
Rebuild target 'Target 1'
assembling Startup.s...
compiling main.c...
compiling IIC.c...
compiling led.c...
compiling command_decoder.c...
compiling string.c...
compiling uart.c...
linking...
Program Size: Code=5312 RO-data=64 RW-data=48 ZI-data=1408  
FromELF: creating hex file...
".\IIC.axf" - 0 Errors, 0 Warning(s).
Rebuild target 'Target 1'
assembling Startup.s...
compiling main.c...
compiling IIC.c...
compiling led.c...
compiling command_decoder.c...
compiling string.c...
compiling uart.c...
linking...
Program Size: Code=5316 RO-data=64 RW-data=48 ZI-data=1408  
FromELF: creating hex file...
".\IIC.axf" - 0 Errors, 0 Warning(s).
Rebuild target 'Target 1'
assembling Startup.s...
compiling main.c...
compiling IIC.c...
compiling led.c...
compiling command_decoder.c...
compiling string.c...
compiling uart.c...
linking...
Program Size: Code=5304 RO-data=64 RW-data=48 ZI-data=1408  
FromELF: creating hex file...
".\IIC.axf" - 0 Errors, 0 Warning(s).
Rebuild target 'Target 1'
assembling Startup.s...
compiling main.c...
compiling IIC.c...
compiling led.c...
compiling command_decoder.c...
compiling string.c...
compiling uart.c...
linking...
Program Size: Code=5304 RO-data=64 RW-data=48 ZI-data=1408  
FromELF: creating hex file...
".\IIC.axf" - 0 Errors, 0 Warning(s).
Rebuild target 'Target 1'
assembling Startup.s...
compiling main.c...
compiling IIC.c...
compiling led.c...
compiling command_decoder.c...
compiling string.c...
compiling uart.c...
linking...
Program Size: Code=5304 RO-data=64 RW-data=48 ZI-data=1408  
FromELF: creating hex file...
".\IIC.axf" - 0 Errors, 0 Warning(s).
Rebuild target 'Target 1'
assembling Startup.s...
compiling main.c...
compiling IIC.c...
compiling led.c...
compiling command_decoder.c...
compiling string.c...
compiling uart.c...
linking...
Program Size: Code=5300 RO-data=64 RW-data=48 ZI-data=1408  
FromELF: creating hex file...
".\IIC.axf" - 0 Errors, 0 Warning(s).
Rebuild target 'Target 1'
assembling Startup.s...
compiling main.c...
compiling IIC.c...
compiling led.c...
compiling command_decoder.c...
compiling string.c...
compiling uart.c...
linking...
Program Size: Code=5292 RO-data=64 RW-data=48 ZI-data=1408  
FromELF: creating hex file...
".\IIC.axf" - 0 Errors, 0 Warning(s).
Rebuild target 'Target 1'
assembling Startup.s...
compiling main.c...
main.c(95): error:  #165: too few arguments in function call
compiling IIC.c...
compiling led.c...
compiling command_decoder.c...
compiling string.c...
compiling uart.c...
".\IIC.axf" - 1 Errors, 0 Warning(s).
Target not created
Rebuild target 'Target 1'
assembling Startup.s...
compiling main.c...
compiling IIC.c...
compiling led.c...
compiling command_decoder.c...
compiling string.c...
compiling uart.c...
linking...
Program Size: Code=5296 RO-data=64 RW-data=48 ZI-data=1408  
FromELF: creating hex file...
".\IIC.axf" - 0 Errors, 0 Warning(s).
Rebuild target 'Target 1'
assembling Startup.s...
compiling main.c...
compiling IIC.c...
compiling led.c...
compiling command_decoder.c...
compiling string.c...
compiling uart.c...
linking...
Program Size: Code=5300 RO-data=64 RW-data=48 ZI-data=1408  
FromELF: creating hex file...
".\IIC.axf" - 0 Errors, 0 Warning(s).
Rebuild target 'Target 1'
assembling Startup.s...
compiling main.c...
compiling IIC.c...
IIC.c(133): warning:  #174-D: expression has no effect
compiling led.c...
compiling command_decoder.c...
compiling string.c...
compiling uart.c...
linking...
Program Size: Code=5288 RO-data=64 RW-data=48 ZI-data=1408  
FromELF: creating hex file...
".\IIC.axf" - 0 Errors, 1 Warning(s).
Rebuild target 'Target 1'
assembling Startup.s...
compiling main.c...
compiling IIC.c...
compiling led.c...
compiling command_decoder.c...
compiling string.c...
compiling uart.c...
linking...
Program Size: Code=5296 RO-data=64 RW-data=48 ZI-data=1408  
FromELF: creating hex file...
".\IIC.axf" - 0 Errors, 0 Warning(s).
Rebuild target 'Target 1'
assembling Startup.s...
compiling main.c...
compiling IIC.c...
compiling led.c...
compiling command_decoder.c...
compiling string.c...
compiling uart.c...
linking...
Program Size: Code=5292 RO-data=64 RW-data=48 ZI-data=1408  
FromELF: creating hex file...
".\IIC.axf" - 0 Errors, 0 Warning(s).
Rebuild target 'Target 1'
assembling Startup.s...
compiling main.c...
compiling IIC.c...
compiling led.c...
compiling command_decoder.c...
compiling string.c...
compiling uart.c...
linking...
Program Size: Code=5284 RO-data=64 RW-data=48 ZI-data=1408  
FromELF: creating hex file...
".\IIC.axf" - 0 Errors, 0 Warning(s).
Rebuild target 'Target 1'
assembling Startup.s...
compiling main.c...
compiling IIC.c...
compiling led.c...
compiling command_decoder.c...
compiling string.c...
compiling uart.c...
linking...
Program Size: Code=5324 RO-data=64 RW-data=48 ZI-data=1408  
FromELF: creating hex file...
".\IIC.axf" - 0 Errors, 0 Warning(s).
Rebuild target 'Target 1'
assembling Startup.s...
compiling main.c...
compiling IIC.c...
compiling led.c...
compiling command_decoder.c...
compiling string.c...
compiling uart.c...
linking...
Program Size: Code=5324 RO-data=64 RW-data=48 ZI-data=1408  
FromELF: creating hex file...
".\IIC.axf" - 0 Errors, 0 Warning(s).
Rebuild target 'Target 1'
assembling Startup.s...
compiling main.c...
compiling IIC.c...
compiling led.c...
compiling command_decoder.c...
compiling string.c...
compiling uart.c...
linking...
Program Size: Code=5328 RO-data=64 RW-data=48 ZI-data=1408  
FromELF: creating hex file...
".\IIC.axf" - 0 Errors, 0 Warning(s).
Rebuild target 'Target 1'
assembling Startup.s...
compiling main.c...
compiling IIC.c...
compiling led.c...
compiling command_decoder.c...
compiling string.c...
compiling uart.c...
linking...
Program Size: Code=5328 RO-data=64 RW-data=48 ZI-data=1408  
FromELF: creating hex file...
".\IIC.axf" - 0 Errors, 0 Warning(s).
