<html>
<body>
<pre>
<h1>µVision Build Log</h1>
<h2>Project:</h2>
C:\Users\Dominik\Documents\MTM-komunikacja\IIC\IIC.uvproj
Project File Date:  11/22/2020

<h2>Output:</h2>
Rebuild target 'Target 1'
assembling Startup.s...
compiling main.c...
IIC.h(6): warning:  #1-D: last line of file ends without a newline
compiling IIC.c...
IIC.c(2): warning:  #1-D: last line of file ends without a newline
IIC.h(6): warning:  #1-D: last line of file ends without a newline
linking...
Program Size: Code=1132 RO-data=32 RW-data=4 ZI-data=1260  
FromELF: creating hex file...
".\IIC.axf" - 0 Errors, 3 Warning(s).
Rebuild target 'Target 1'
assembling Startup.s...
compiling main.c...
compiling IIC.c...
linking...
Program Size: Code=1132 RO-data=32 RW-data=4 ZI-data=1260  
FromELF: creating hex file...
".\IIC.axf" - 0 Errors, 0 Warning(s).
Rebuild target 'Target 1'
assembling Startup.s...
compiling main.c...
compiling IIC.c...
linking...
Program Size: Code=1132 RO-data=32 RW-data=4 ZI-data=1260  
FromELF: creating hex file...
".\IIC.axf" - 0 Errors, 0 Warning(s).
Rebuild target 'Target 1'
assembling Startup.s...
compiling main.c...
compiling IIC.c...
linking...
Program Size: Code=1132 RO-data=32 RW-data=4 ZI-data=1260  
FromELF: creating hex file...
".\IIC.axf" - 0 Errors, 0 Warning(s).
Rebuild target 'Target 1'
assembling Startup.s...
compiling main.c...
main.c(14): error:  #20: identifier "sIIC_Buffer" is undefined
main.c(14): error:  #20: identifier "PCF_ADDRESS" is undefined
main.c(16): error:  #20: identifier "STA_MASK" is undefined
compiling IIC.c...
".\IIC.axf" - 3 Errors, 0 Warning(s).
Target not created
Rebuild target 'Target 1'
assembling Startup.s...
compiling main.c...
compiling IIC.c...
linking...
Program Size: Code=1284 RO-data=32 RW-data=4 ZI-data=1276  
FromELF: creating hex file...
".\IIC.axf" - 0 Errors, 0 Warning(s).
Rebuild target 'Target 1'
assembling Startup.s...
compiling main.c...
compiling IIC.c...
linking...
Program Size: Code=1288 RO-data=32 RW-data=8 ZI-data=1280  
FromELF: creating hex file...
".\IIC.axf" - 0 Errors, 0 Warning(s).
Rebuild target 'Target 1'
assembling Startup.s...
compiling main.c...
compiling IIC.c...
linking...
Program Size: Code=1628 RO-data=32 RW-data=8 ZI-data=1280  
FromELF: creating hex file...
".\IIC.axf" - 0 Errors, 0 Warning(s).
Rebuild target 'Target 1'
assembling Startup.s...
compiling main.c...
compiling IIC.c...
linking...
Program Size: Code=1608 RO-data=32 RW-data=8 ZI-data=1280  
FromELF: creating hex file...
".\IIC.axf" - 0 Errors, 0 Warning(s).
Rebuild target 'Target 1'
assembling Startup.s...
compiling main.c...
compiling IIC.c...
linking...
Program Size: Code=1700 RO-data=32 RW-data=8 ZI-data=1280  
FromELF: creating hex file...
".\IIC.axf" - 0 Errors, 0 Warning(s).
