<html>
<body>
<pre>
<h1>µVision Build Log</h1>
<h2>Project:</h2>
C:\Users\Dominik\Documents\GitHub\MTM-komunikacja\SPI\SPI.uvproj
Project File Date:  10/21/2020

<h2>Output:</h2>
Rebuild target 'Target 1'
assembling Startup.s...
compiling main.c...
linking...
Program Size: Code=1480 RO-data=32 RW-data=1440 ZI-data=1256  
FromELF: creating hex file...
".\SPI.axf" - 0 Errors, 0 Warning(s).
Rebuild target 'Target 1'
assembling Startup.s...
compiling main.c...
main.c(105): error:  #29: expected an expression
main.c(105): error:  #20: identifier "uiSinSampleCounter" is undefined
main.c(107): error:  #18: expected a ")"
main.c(110): error:  #268: declaration may not appear after executable statement in block
".\SPI.axf" - 4 Errors, 0 Warning(s).
Target not created
Rebuild target 'Target 1'
assembling Startup.s...
compiling main.c...
main.c(105): error:  #29: expected an expression
main.c(105): error:  #20: identifier "uiSinSampleCounter" is undefined
main.c(110): error:  #268: declaration may not appear after executable statement in block
".\SPI.axf" - 3 Errors, 0 Warning(s).
Target not created
Rebuild target 'Target 1'
assembling Startup.s...
compiling main.c...
main.c(105): error:  #29: expected an expression
main.c(105): error:  #20: identifier "uiSinSampleCounter" is undefined
main.c(110): error:  #268: declaration may not appear after executable statement in block
".\SPI.axf" - 3 Errors, 0 Warning(s).
Target not created
Rebuild target 'Target 1'
assembling Startup.s...
compiling main.c...
main.c(105): error:  #29: expected an expression
main.c(105): error:  #20: identifier "uiSinSampleCounter" is undefined
main.c(110): error:  #268: declaration may not appear after executable statement in block
".\SPI.axf" - 3 Errors, 0 Warning(s).
Target not created
Rebuild target 'Target 1'
assembling Startup.s...
compiling main.c...
main.c(106): error:  #29: expected an expression
main.c(106): error:  #20: identifier "uiSinSampleCounter" is undefined
".\SPI.axf" - 2 Errors, 0 Warning(s).
Target not created
Rebuild target 'Target 1'
assembling Startup.s...
compiling main.c...
main.c(106): error:  #29: expected an expression
main.c(106): error:  #20: identifier "uiSinSampleCounter" is undefined
".\SPI.axf" - 2 Errors, 0 Warning(s).
Target not created
Rebuild target 'Target 1'
assembling Startup.s...
compiling main.c...
main.c(106): error:  #29: expected an expression
main.c(106): error:  #20: identifier "uiSinSampleCounter" is undefined
".\SPI.axf" - 2 Errors, 0 Warning(s).
Target not created
Rebuild target 'Target 1'
assembling Startup.s...
compiling main.c...
main.c(106): error:  #29: expected an expression
main.c(106): error:  #20: identifier "uiSinSampleCounter" is undefined
".\SPI.axf" - 2 Errors, 0 Warning(s).
Target not created
Rebuild target 'Target 1'
assembling Startup.s...
compiling main.c...
main.c(106): error:  #29: expected an expression
main.c(106): error:  #20: identifier "uiSinSampleCounter" is undefined
".\SPI.axf" - 2 Errors, 0 Warning(s).
Target not created
Rebuild target 'Target 1'
assembling Startup.s...
compiling main.c...
main.c(106): error:  #29: expected an expression
main.c(106): error:  #20: identifier "uiSinSampleCounter" is undefined
".\SPI.axf" - 2 Errors, 0 Warning(s).
Target not created
Rebuild target 'Target 1'
assembling Startup.s...
compiling main.c...
main.c(106): error:  #29: expected an expression
main.c(106): error:  #20: identifier "uiSinSampleCounter" is undefined
".\SPI.axf" - 2 Errors, 0 Warning(s).
Target not created
Rebuild target 'Target 1'
assembling Startup.s...
compiling main.c...
main.c(106): error:  #29: expected an expression
main.c(106): error:  #20: identifier "uiSinSampleCounter" is undefined
".\SPI.axf" - 2 Errors, 0 Warning(s).
Target not created
Rebuild target 'Target 1'
assembling Startup.s...
compiling main.c...
main.c(106): error:  #29: expected an expression
main.c(106): error:  #20: identifier "uiSinSampleCounter" is undefined
".\SPI.axf" - 2 Errors, 0 Warning(s).
Target not created
Rebuild target 'Target 1'
assembling Startup.s...
compiling main.c...
main.c(106): error:  #29: expected an expression
main.c(106): error:  #20: identifier "uiSinSampleCounter" is undefined
".\SPI.axf" - 2 Errors, 0 Warning(s).
Target not created
Rebuild target 'Target 1'
assembling Startup.s...
compiling main.c...
main.c(103): warning:  #177-D: variable "sin_ram" was declared but never referenced
linking...
Program Size: Code=1480 RO-data=32 RW-data=1440 ZI-data=1256  
FromELF: creating hex file...
".\SPI.axf" - 0 Errors, 1 Warning(s).
Rebuild target 'Target 1'
assembling Startup.s...
compiling main.c...
main.c(103): warning:  #550-D: variable "sin_ram" was set but never used
linking...
Program Size: Code=7136 RO-data=320 RW-data=1440 ZI-data=1256  
FromELF: creating hex file...
".\SPI.axf" - 0 Errors, 1 Warning(s).
Rebuild target 'Target 1'
assembling Startup.s...
compiling main.c...
main.c(111): error:  #29: expected an expression
main.c(111): error:  #20: identifier "uiSinSampleCounter" is undefined
main.c(103): warning:  #550-D: variable "sin_ram" was set but never used
".\SPI.axf" - 2 Errors, 1 Warning(s).
Target not created
Rebuild target 'Target 1'
assembling Startup.s...
compiling main.c...
main.c(103): warning:  #550-D: variable "sin_ram" was set but never used
linking...
Program Size: Code=7160 RO-data=320 RW-data=1440 ZI-data=1256  
FromELF: creating hex file...
".\SPI.axf" - 0 Errors, 1 Warning(s).
Rebuild target 'Target 1'
assembling Startup.s...
compiling main.c...
linking...
Program Size: Code=7056 RO-data=304 RW-data=0 ZI-data=1256  
FromELF: creating hex file...
".\SPI.axf" - 0 Errors, 0 Warning(s).
Rebuild target 'Target 1'
assembling Startup.s...
compiling main.c...
linking...
Program Size: Code=7056 RO-data=304 RW-data=0 ZI-data=1256  
FromELF: creating hex file...
".\SPI.axf" - 0 Errors, 0 Warning(s).
Rebuild target 'Target 1'
assembling Startup.s...
compiling main.c...
main.c(103): warning:  #550-D: variable "sin_ram" was set but never used
linking...
Program Size: Code=7060 RO-data=1748 RW-data=0 ZI-data=1256  
FromELF: creating hex file...
".\SPI.axf" - 0 Errors, 1 Warning(s).
Rebuild target 'Target 1'
assembling Startup.s...
compiling main.c...
main.c(137): warning:  #550-D: variable "sin_ram" was set but never used
linking...
Program Size: Code=7064 RO-data=1744 RW-data=0 ZI-data=1256  
FromELF: creating hex file...
".\SPI.axf" - 0 Errors, 1 Warning(s).
Rebuild target 'Target 1'
assembling Startup.s...
compiling main.c...
main.c(137): warning:  #177-D: variable "sin_ram" was declared but never referenced
main.c(139): warning:  #177-D: variable "uiSinSampleCounter" was declared but never referenced
linking...
Program Size: Code=1388 RO-data=1456 RW-data=0 ZI-data=1256  
FromELF: creating hex file...
".\SPI.axf" - 0 Errors, 2 Warning(s).
Rebuild target 'Target 1'
assembling Startup.s...
compiling main.c...
main.c(137): warning:  #177-D: variable "sin_ram" was declared but never referenced
main.c(139): warning:  #177-D: variable "uiSinSampleCounter" was declared but never referenced
linking...
Program Size: Code=1388 RO-data=1456 RW-data=0 ZI-data=1256  
FromELF: creating hex file...
".\SPI.axf" - 0 Errors, 2 Warning(s).
Rebuild target 'Target 1'
assembling Startup.s...
compiling main.c...
main.c(102): warning:  #177-D: variable "sin_ram" was declared but never referenced
main.c(104): warning:  #177-D: variable "uiSinSampleCounter" was declared but never referenced
linking...
Program Size: Code=1384 RO-data=1456 RW-data=0 ZI-data=1256  
FromELF: creating hex file...
".\SPI.axf" - 0 Errors, 2 Warning(s).
Rebuild target 'Target 1'
assembling Startup.s...
compiling main.c...
main.c(102): warning:  #550-D: variable "sin_ram" was set but never used
linking...
Program Size: Code=7124 RO-data=1748 RW-data=0 ZI-data=1256  
FromELF: creating hex file...
".\SPI.axf" - 0 Errors, 1 Warning(s).
Rebuild target 'Target 1'
assembling Startup.s...
compiling main.c...
main.c(102): warning:  #550-D: variable "sin_ram" was set but never used
linking...
Program Size: Code=7084 RO-data=1748 RW-data=0 ZI-data=1256  
FromELF: creating hex file...
".\SPI.axf" - 0 Errors, 1 Warning(s).
Rebuild target 'Target 1'
assembling Startup.s...
compiling main.c...
main.c(102): warning:  #550-D: variable "sin_ram" was set but never used
linking...
Program Size: Code=7124 RO-data=1748 RW-data=0 ZI-data=1256  
FromELF: creating hex file...
".\SPI.axf" - 0 Errors, 1 Warning(s).
Rebuild target 'Target 1'
assembling Startup.s...
compiling main.c...
main.c(102): warning:  #550-D: variable "sin_ram" was set but never used
linking...
Program Size: Code=1412 RO-data=1456 RW-data=0 ZI-data=1256  
FromELF: creating hex file...
".\SPI.axf" - 0 Errors, 1 Warning(s).
Rebuild target 'Target 1'
assembling Startup.s...
compiling main.c...
linking...
Program Size: Code=1404 RO-data=16 RW-data=0 ZI-data=1256  
FromELF: creating hex file...
".\SPI.axf" - 0 Errors, 0 Warning(s).
Rebuild target 'Target 1'
assembling Startup.s...
compiling main.c...
linking...
Program Size: Code=1408 RO-data=16 RW-data=0 ZI-data=1256  
FromELF: creating hex file...
".\SPI.axf" - 0 Errors, 0 Warning(s).
Rebuild target 'Target 1'
assembling Startup.s...
compiling main.c...
linking...
Program Size: Code=1416 RO-data=16 RW-data=0 ZI-data=2696  
FromELF: creating hex file...
".\SPI.axf" - 0 Errors, 0 Warning(s).
Rebuild target 'Target 1'
assembling Startup.s...
compiling main.c...
linking...
Program Size: Code=1416 RO-data=16 RW-data=0 ZI-data=2696  
FromELF: creating hex file...
".\SPI.axf" - 0 Errors, 0 Warning(s).
Rebuild target 'Target 1'
assembling Startup.s...
compiling main.c...
linking...
Program Size: Code=7120 RO-data=304 RW-data=0 ZI-data=2696  
FromELF: creating hex file...
".\SPI.axf" - 0 Errors, 0 Warning(s).
Rebuild target 'Target 1'
assembling Startup.s...
compiling main.c...
linking...
Program Size: Code=7120 RO-data=304 RW-data=0 ZI-data=2696  
FromELF: creating hex file...
".\SPI.axf" - 0 Errors, 0 Warning(s).
Rebuild target 'Target 1'
assembling Startup.s...
compiling main.c...
linking...
Program Size: Code=7124 RO-data=1748 RW-data=0 ZI-data=2696  
FromELF: creating hex file...
".\SPI.axf" - 0 Errors, 0 Warning(s).
