<html>
<body>
<pre>
<h1>µVision Build Log</h1>
<h2>Project:</h2>
C:\Users\Dominik\Documents\MTM-komunikacja\SPI\SPI.uvproj
Project File Date:  11/22/2020

<h2>Output:</h2>
Rebuild target 'Target 1'
assembling Startup.s...
compiling main.c...
main.c(45): warning:  #177-D: label "SPI_GET" was declared but never referenced
main.c(51): warning:  #177-D: label "SPI_SET" was declared but never referenced
compiling SPI.c...
compiling MCP23S09.c...
compiling command_decoder.c...
compiling string.c...
compiling uart.c...
linking...
Program Size: Code=4156 RO-data=32 RW-data=32 ZI-data=1376  
FromELF: creating hex file...
".\SPI.axf" - 0 Errors, 2 Warning(s).
Rebuild target 'Target 1'
assembling Startup.s...
compiling main.c...
compiling SPI.c...
compiling MCP23S09.c...
compiling command_decoder.c...
compiling string.c...
compiling uart.c...
linking...
Program Size: Code=4236 RO-data=32 RW-data=32 ZI-data=1376  
FromELF: creating hex file...
".\SPI.axf" - 0 Errors, 0 Warning(s).
Rebuild target 'Target 1'
assembling Startup.s...
compiling main.c...
compiling SPI.c...
compiling MCP23S09.c...
compiling command_decoder.c...
compiling string.c...
compiling uart.c...
linking...
Program Size: Code=4236 RO-data=32 RW-data=32 ZI-data=1376  
FromELF: creating hex file...
".\SPI.axf" - 0 Errors, 0 Warning(s).
Rebuild target 'Target 1'
assembling Startup.s...
compiling main.c...
compiling SPI.c...
compiling MCP23S09.c...
compiling command_decoder.c...
compiling string.c...
compiling uart.c...
linking...
Program Size: Code=4236 RO-data=32 RW-data=32 ZI-data=1376  
FromELF: creating hex file...
".\SPI.axf" - 0 Errors, 0 Warning(s).
